// Jest Snapshot v1, https://goo.gl/fbAQLP

exports[`should match with snapshot 1`] = `
<View
  style={
    Object {
      "flex": 1,
    }
  }
>
  <Text>
    Hello
  </Text>
  <RCTScrollView
    data={Array []}
    disableVirtualization={false}
    getItem={[Function]}
    getItemCount={[Function]}
    horizontal={false}
    initialNumToRender={10}
    keyExtractor={[Function]}
    maxToRenderPerBatch={10}
    onContentSizeChange={[Function]}
    onEndReachedThreshold={2}
    onLayout={[Function]}
    onMomentumScrollEnd={[Function]}
    onScroll={[Function]}
    onScrollBeginDrag={[Function]}
    onScrollEndDrag={[Function]}
    removeClippedSubviews={false}
    renderItem={[Function]}
    scrollEventThrottle={50}
    stickyHeaderIndices={Array []}
    testID="list"
    updateCellsBatchingPeriod={50}
    viewabilityConfigCallbackPairs={Array []}
    windowSize={21}
  >
    <View />
  </RCTScrollView>
  <TextInput
    allowFontScaling={true}
    onChangeText={[Function]}
    placeholder="Add..."
    rejectResponderTermination={true}
    style={
      Object {
        "backgroundColor": "gray",
        "margin": 10,
      }
    }
    testID="input-area"
    underlineColorAndroid="transparent"
  />
  <View
    accessible={true}
    focusable={true}
    onClick={[Function]}
    onResponderGrant={[Function]}
    onResponderMove={[Function]}
    onResponderRelease={[Function]}
    onResponderTerminate={[Function]}
    onResponderTerminationRequest={[Function]}
    onStartShouldSetResponder={[Function]}
    style={
      Object {
        "alignItems": "center",
        "backgroundColor": "blue",
        "borderRadius": 10,
        "justifyContent": "center",
        "margin": 10,
        "opacity": 1,
        "padding": 10,
      }
    }
    testID="button-touchable"
  >
    <Text
      style={
        Object {
          "color": "white",
          "fontWeight": "bold",
        }
      }
      testID="button-title"
    >
      title
    </Text>
  </View>
</View>
`;
